------------------------------------------------------------
TimeQuest Timing Analyzer Summary
------------------------------------------------------------

Type  : Slow 1200mV 85C Model Setup 'aluControl[0]'
Slack : -133.738
TNS   : -6626.304

Type  : Slow 1200mV 85C Model Setup 'BAout'
Slack : -8.539
TNS   : -238.938

Type  : Slow 1200mV 85C Model Setup 'clock'
Slack : -5.102
TNS   : -2792.734

Type  : Slow 1200mV 85C Model Setup 'Gra'
Slack : -2.897
TNS   : -7.345

Type  : Slow 1200mV 85C Model Setup 'RAMenable'
Slack : -2.637
TNS   : -2.887

Type  : Slow 1200mV 85C Model Hold 'Gra'
Slack : -1.376
TNS   : -2.699

Type  : Slow 1200mV 85C Model Hold 'BAout'
Slack : -0.815
TNS   : -2.970

Type  : Slow 1200mV 85C Model Hold 'aluControl[0]'
Slack : -0.352
TNS   : -4.413

Type  : Slow 1200mV 85C Model Hold 'RAMenable'
Slack : 0.244
TNS   : 0.000

Type  : Slow 1200mV 85C Model Hold 'clock'
Slack : 0.358
TNS   : 0.000

Type  : Slow 1200mV 85C Model Minimum Pulse Width 'clock'
Slack : -3.000
TNS   : -681.174

Type  : Slow 1200mV 85C Model Minimum Pulse Width 'RAMenable'
Slack : -3.000
TNS   : -10.522

Type  : Slow 1200mV 85C Model Minimum Pulse Width 'BAout'
Slack : -3.000
TNS   : -3.000

Type  : Slow 1200mV 85C Model Minimum Pulse Width 'Gra'
Slack : -3.000
TNS   : -3.000

Type  : Slow 1200mV 85C Model Minimum Pulse Width 'aluControl[0]'
Slack : -3.000
TNS   : -3.000

Type  : Slow 1200mV 0C Model Setup 'aluControl[0]'
Slack : -117.923
TNS   : -5847.637

Type  : Slow 1200mV 0C Model Setup 'BAout'
Slack : -7.466
TNS   : -209.833

Type  : Slow 1200mV 0C Model Setup 'clock'
Slack : -4.547
TNS   : -2482.697

Type  : Slow 1200mV 0C Model Setup 'Gra'
Slack : -2.524
TNS   : -6.389

Type  : Slow 1200mV 0C Model Setup 'RAMenable'
Slack : -2.273
TNS   : -2.415

Type  : Slow 1200mV 0C Model Hold 'Gra'
Slack : -1.162
TNS   : -2.296

Type  : Slow 1200mV 0C Model Hold 'BAout'
Slack : -0.717
TNS   : -2.543

Type  : Slow 1200mV 0C Model Hold 'aluControl[0]'
Slack : -0.262
TNS   : -2.392

Type  : Slow 1200mV 0C Model Hold 'RAMenable'
Slack : 0.243
TNS   : 0.000

Type  : Slow 1200mV 0C Model Hold 'clock'
Slack : 0.312
TNS   : 0.000

Type  : Slow 1200mV 0C Model Minimum Pulse Width 'clock'
Slack : -3.000
TNS   : -681.174

Type  : Slow 1200mV 0C Model Minimum Pulse Width 'RAMenable'
Slack : -3.000
TNS   : -10.522

Type  : Slow 1200mV 0C Model Minimum Pulse Width 'BAout'
Slack : -3.000
TNS   : -3.000

Type  : Slow 1200mV 0C Model Minimum Pulse Width 'Gra'
Slack : -3.000
TNS   : -3.000

Type  : Slow 1200mV 0C Model Minimum Pulse Width 'aluControl[0]'
Slack : -3.000
TNS   : -3.000

Type  : Fast 1200mV 0C Model Setup 'aluControl[0]'
Slack : -77.143
TNS   : -3814.414

Type  : Fast 1200mV 0C Model Setup 'BAout'
Slack : -4.549
TNS   : -125.170

Type  : Fast 1200mV 0C Model Setup 'clock'
Slack : -3.176
TNS   : -1718.111

Type  : Fast 1200mV 0C Model Setup 'Gra'
Slack : -1.172
TNS   : -2.303

Type  : Fast 1200mV 0C Model Setup 'RAMenable'
Slack : -0.842
TNS   : -0.842

Type  : Fast 1200mV 0C Model Hold 'Gra'
Slack : -0.873
TNS   : -1.719

Type  : Fast 1200mV 0C Model Hold 'BAout'
Slack : -0.667
TNS   : -3.933

Type  : Fast 1200mV 0C Model Hold 'aluControl[0]'
Slack : -0.329
TNS   : -7.891

Type  : Fast 1200mV 0C Model Hold 'RAMenable'
Slack : 0.096
TNS   : 0.000

Type  : Fast 1200mV 0C Model Hold 'clock'
Slack : 0.188
TNS   : 0.000

Type  : Fast 1200mV 0C Model Minimum Pulse Width 'clock'
Slack : -3.000
TNS   : -731.811

Type  : Fast 1200mV 0C Model Minimum Pulse Width 'RAMenable'
Slack : -3.000
TNS   : -7.418

Type  : Fast 1200mV 0C Model Minimum Pulse Width 'BAout'
Slack : -3.000
TNS   : -4.463

Type  : Fast 1200mV 0C Model Minimum Pulse Width 'aluControl[0]'
Slack : -3.000
TNS   : -3.037

Type  : Fast 1200mV 0C Model Minimum Pulse Width 'Gra'
Slack : -3.000
TNS   : -3.011

------------------------------------------------------------
