Flow report for elec374-lab
Thu Mar 30 13:47:28 2023
Quartus II 64-Bit Version 13.0.1 Build 232 06/12/2013 Service Pack 1 SJ Web Edition


---------------------
; Table of Contents ;
---------------------
  1. Legal Notice
  2. Flow Summary
  3. Flow Settings
  4. Flow Non-Default Global Settings
  5. Flow Elapsed Time
  6. Flow OS Summary
  7. Flow Log
  8. Flow Messages
  9. Flow Suppressed Messages



----------------
; Legal Notice ;
----------------
Copyright (C) 1991-2013 Altera Corporation
Your use of Altera Corporation's design tools, logic functions 
and other software and tools, and its AMPP partner logic 
functions, and any output files from any of the foregoing 
(including device programming or simulation files), and any 
associated documentation or information are expressly subject 
to the terms and conditions of the Altera Program License 
Subscription Agreement, Altera MegaCore Function License 
Agreement, or other applicable license agreement, including, 
without limitation, that your use is for the sole purpose of 
programming logic devices manufactured by Altera and sold by 
Altera or its authorized distributors.  Please refer to the 
applicable agreement for further details.



+---------------------------------------------------------------------------------------+
; Flow Summary                                                                          ;
+-------------------------------------+-------------------------------------------------+
; Flow Status                         ; Successful - Thu Mar 30 13:47:28 2023           ;
; Quartus II 64-Bit Version           ; 13.0.1 Build 232 06/12/2013 SP 1 SJ Web Edition ;
; Revision Name                       ; elec374-lab                                     ;
; Top-level Entity Name               ; DataPath                                        ;
; Family                              ; Cyclone V                                       ;
; Device                              ; 5CEBA4F23C7                                     ;
; Timing Models                       ; Final                                           ;
; Logic utilization (in ALMs)         ; 1,910 / 18,480 ( 10 % )                         ;
; Total registers                     ; 244                                             ;
; Total pins                          ; 74 / 224 ( 33 % )                               ;
; Total virtual pins                  ; 0                                               ;
; Total block memory bits             ; 16,384 / 3,153,920 ( < 1 % )                    ;
; Total DSP Blocks                    ; 0 / 66 ( 0 % )                                  ;
; Total HSSI RX PCSs                  ; 0                                               ;
; Total HSSI PMA RX Deserializers     ; 0                                               ;
; Total HSSI PMA RX ATT Deserializers ; 0                                               ;
; Total HSSI TX PCSs                  ; 0                                               ;
; Total HSSI PMA TX Serializers       ; 0                                               ;
; Total HSSI PMA TX ATT Serializers   ; 0                                               ;
; Total PLLs                          ; 0 / 4 ( 0 % )                                   ;
; Total DLLs                          ; 0 / 4 ( 0 % )                                   ;
+-------------------------------------+-------------------------------------------------+


+-----------------------------------------+
; Flow Settings                           ;
+-------------------+---------------------+
; Option            ; Setting             ;
+-------------------+---------------------+
; Start date & time ; 03/30/2023 13:45:58 ;
; Main task         ; Compilation         ;
; Revision Name     ; elec374-lab         ;
+-------------------+---------------------+


+-----------------------------------------------------------------------------------------------------------------------------+
; Flow Non-Default Global Settings                                                                                            ;
+--------------------------------------+---------------------------------------+---------------+-------------+----------------+
; Assignment Name                      ; Value                                 ; Default Value ; Entity Name ; Section Id     ;
+--------------------------------------+---------------------------------------+---------------+-------------+----------------+
; COMPILER_SIGNATURE_ID                ; 171720539336436.168019835807416       ; --            ; --          ; --             ;
; EDA_DESIGN_INSTANCE_NAME             ; NA                                    ; --            ; --          ; datapath_tb    ;
; EDA_DESIGN_INSTANCE_NAME             ; NA                                    ; --            ; --          ; load_tb        ;
; EDA_DESIGN_INSTANCE_NAME             ; NA                                    ; --            ; --          ; loadI_tb       ;
; EDA_DESIGN_INSTANCE_NAME             ; NA                                    ; --            ; --          ; andI_tb        ;
; EDA_DESIGN_INSTANCE_NAME             ; NA                                    ; --            ; --          ; orI_tb         ;
; EDA_DESIGN_INSTANCE_NAME             ; NA                                    ; --            ; --          ; jr_tb          ;
; EDA_DESIGN_INSTANCE_NAME             ; NA                                    ; --            ; --          ; jal_tb         ;
; EDA_DESIGN_INSTANCE_NAME             ; NA                                    ; --            ; --          ; branch_tb      ;
; EDA_DESIGN_INSTANCE_NAME             ; NA                                    ; --            ; --          ; store_tb       ;
; EDA_DESIGN_INSTANCE_NAME             ; NA                                    ; --            ; --          ; mfhi_tb        ;
; EDA_DESIGN_INSTANCE_NAME             ; NA                                    ; --            ; --          ; mflo_tb        ;
; EDA_DESIGN_INSTANCE_NAME             ; NA                                    ; --            ; --          ; inPort_tb      ;
; EDA_DESIGN_INSTANCE_NAME             ; NA                                    ; --            ; --          ; outPort_tb     ;
; EDA_DESIGN_INSTANCE_NAME             ; NA                                    ; --            ; --          ; CU_tb          ;
; EDA_NATIVELINK_SIMULATION_TEST_BENCH ; CU_tb                                 ; --            ; --          ; eda_simulation ;
; EDA_OUTPUT_DATA_FORMAT               ; Verilog Hdl                           ; --            ; --          ; eda_simulation ;
; EDA_SIMULATION_TOOL                  ; ModelSim-Altera (Verilog)             ; <None>        ; --          ; --             ;
; EDA_TEST_BENCH_ENABLE_STATUS         ; TEST_BENCH_MODE                       ; --            ; --          ; eda_simulation ;
; EDA_TEST_BENCH_FILE                  ; datapath_tb.v                         ; --            ; --          ; datapath_tb    ;
; EDA_TEST_BENCH_FILE                  ; load_tb.v                             ; --            ; --          ; load_tb        ;
; EDA_TEST_BENCH_FILE                  ; loadI_tb.v                            ; --            ; --          ; loadI_tb       ;
; EDA_TEST_BENCH_FILE                  ; andI_tb.v                             ; --            ; --          ; andI_tb        ;
; EDA_TEST_BENCH_FILE                  ; orI_tb.v                              ; --            ; --          ; orI_tb         ;
; EDA_TEST_BENCH_FILE                  ; jr_tb.v                               ; --            ; --          ; jr_tb          ;
; EDA_TEST_BENCH_FILE                  ; jal_tb.v                              ; --            ; --          ; jal_tb         ;
; EDA_TEST_BENCH_FILE                  ; branch_tb.v                           ; --            ; --          ; branch_tb      ;
; EDA_TEST_BENCH_FILE                  ; store_tb.v                            ; --            ; --          ; store_tb       ;
; EDA_TEST_BENCH_FILE                  ; mfhi_tb.v                             ; --            ; --          ; mfhi_tb        ;
; EDA_TEST_BENCH_FILE                  ; mflo_tb.v                             ; --            ; --          ; mflo_tb        ;
; EDA_TEST_BENCH_FILE                  ; inPort_tb.v                           ; --            ; --          ; inPort_tb      ;
; EDA_TEST_BENCH_FILE                  ; outPort_tb.v                          ; --            ; --          ; outPort_tb     ;
; EDA_TEST_BENCH_FILE                  ; CU_tb.v                               ; --            ; --          ; CU_tb          ;
; EDA_TEST_BENCH_MODULE_NAME           ; datapath_tb                           ; --            ; --          ; datapath_tb    ;
; EDA_TEST_BENCH_MODULE_NAME           ; load_tb                               ; --            ; --          ; load_tb        ;
; EDA_TEST_BENCH_MODULE_NAME           ; loadI_tb                              ; --            ; --          ; loadI_tb       ;
; EDA_TEST_BENCH_MODULE_NAME           ; andI_tb                               ; --            ; --          ; andI_tb        ;
; EDA_TEST_BENCH_MODULE_NAME           ; orI_tb                                ; --            ; --          ; orI_tb         ;
; EDA_TEST_BENCH_MODULE_NAME           ; jr_tb                                 ; --            ; --          ; jr_tb          ;
; EDA_TEST_BENCH_MODULE_NAME           ; jal_tb                                ; --            ; --          ; jal_tb         ;
; EDA_TEST_BENCH_MODULE_NAME           ; branch_tb                             ; --            ; --          ; branch_tb      ;
; EDA_TEST_BENCH_MODULE_NAME           ; store_tb                              ; --            ; --          ; store_tb       ;
; EDA_TEST_BENCH_MODULE_NAME           ; mfhi_tb                               ; --            ; --          ; mfhi_tb        ;
; EDA_TEST_BENCH_MODULE_NAME           ; mflo_tb                               ; --            ; --          ; mflo_tb        ;
; EDA_TEST_BENCH_MODULE_NAME           ; inPort_tb                             ; --            ; --          ; inPort_tb      ;
; EDA_TEST_BENCH_MODULE_NAME           ; outPort_tb                            ; --            ; --          ; outPort_tb     ;
; EDA_TEST_BENCH_MODULE_NAME           ; CU_tb                                 ; --            ; --          ; CU_tb          ;
; EDA_TEST_BENCH_NAME                  ; datapath_tb                           ; --            ; --          ; eda_simulation ;
; EDA_TEST_BENCH_NAME                  ; load_tb                               ; --            ; --          ; eda_simulation ;
; EDA_TEST_BENCH_NAME                  ; loadI_tb                              ; --            ; --          ; eda_simulation ;
; EDA_TEST_BENCH_NAME                  ; andI_tb                               ; --            ; --          ; eda_simulation ;
; EDA_TEST_BENCH_NAME                  ; orI_tb                                ; --            ; --          ; eda_simulation ;
; EDA_TEST_BENCH_NAME                  ; jr_tb                                 ; --            ; --          ; eda_simulation ;
; EDA_TEST_BENCH_NAME                  ; jal_tb                                ; --            ; --          ; eda_simulation ;
; EDA_TEST_BENCH_NAME                  ; branch_tb                             ; --            ; --          ; eda_simulation ;
; EDA_TEST_BENCH_NAME                  ; store_tb                              ; --            ; --          ; eda_simulation ;
; EDA_TEST_BENCH_NAME                  ; mfhi_tb                               ; --            ; --          ; eda_simulation ;
; EDA_TEST_BENCH_NAME                  ; mflo_tb                               ; --            ; --          ; eda_simulation ;
; EDA_TEST_BENCH_NAME                  ; inPort_tb                             ; --            ; --          ; eda_simulation ;
; EDA_TEST_BENCH_NAME                  ; outPort_tb                            ; --            ; --          ; eda_simulation ;
; EDA_TEST_BENCH_NAME                  ; CU_tb                                 ; --            ; --          ; eda_simulation ;
; EDA_TEST_BENCH_RUN_SIM_FOR           ; 600 ns                                ; --            ; --          ; datapath_tb    ;
; EDA_TEST_BENCH_RUN_SIM_FOR           ; 160 ns                                ; --            ; --          ; load_tb        ;
; EDA_TEST_BENCH_RUN_SIM_FOR           ; 160 ns                                ; --            ; --          ; loadI_tb       ;
; EDA_TEST_BENCH_RUN_SIM_FOR           ; 160 ns                                ; --            ; --          ; andI_tb        ;
; EDA_TEST_BENCH_RUN_SIM_FOR           ; 160 ns                                ; --            ; --          ; orI_tb         ;
; EDA_TEST_BENCH_RUN_SIM_FOR           ; 160 ns                                ; --            ; --          ; jr_tb          ;
; EDA_TEST_BENCH_RUN_SIM_FOR           ; 160 ns                                ; --            ; --          ; jal_tb         ;
; EDA_TEST_BENCH_RUN_SIM_FOR           ; 160 ns                                ; --            ; --          ; branch_tb      ;
; EDA_TEST_BENCH_RUN_SIM_FOR           ; 160 ns                                ; --            ; --          ; store_tb       ;
; EDA_TEST_BENCH_RUN_SIM_FOR           ; 100 ns                                ; --            ; --          ; mfhi_tb        ;
; EDA_TEST_BENCH_RUN_SIM_FOR           ; 100 ns                                ; --            ; --          ; mflo_tb        ;
; EDA_TEST_BENCH_RUN_SIM_FOR           ; 100 ns                                ; --            ; --          ; inPort_tb      ;
; EDA_TEST_BENCH_RUN_SIM_FOR           ; 100 ns                                ; --            ; --          ; outPort_tb     ;
; EDA_TEST_BENCH_RUN_SIM_FOR           ; 100 ns                                ; --            ; --          ; CU_tb          ;
; EDA_TIME_SCALE                       ; 100 us                                ; --            ; --          ; eda_simulation ;
; MAX_CORE_JUNCTION_TEMP               ; 85                                    ; --            ; --          ; --             ;
; MIN_CORE_JUNCTION_TEMP               ; 0                                     ; --            ; --          ; --             ;
; PARTITION_COLOR                      ; 16764057                              ; --            ; DataPath    ; Top            ;
; PARTITION_FITTER_PRESERVATION_LEVEL  ; PLACEMENT_AND_ROUTING                 ; --            ; DataPath    ; Top            ;
; PARTITION_NETLIST_TYPE               ; SOURCE                                ; --            ; DataPath    ; Top            ;
; POWER_BOARD_THERMAL_MODEL            ; None (CONSERVATIVE)                   ; --            ; --          ; --             ;
; POWER_PRESET_COOLING_SOLUTION        ; 23 MM HEAT SINK WITH 200 LFPM AIRFLOW ; --            ; --          ; --             ;
; PROJECT_OUTPUT_DIRECTORY             ; output_files                          ; --            ; --          ; --             ;
; TOP_LEVEL_ENTITY                     ; DataPath                              ; elec374-lab   ; --          ; --             ;
+--------------------------------------+---------------------------------------+---------------+-------------+----------------+


+-------------------------------------------------------------------------------------------------------------------------------+
; Flow Elapsed Time                                                                                                             ;
+---------------------------+--------------+-------------------------+---------------------+------------------------------------+
; Module Name               ; Elapsed Time ; Average Processors Used ; Peak Virtual Memory ; Total CPU Time (on all processors) ;
+---------------------------+--------------+-------------------------+---------------------+------------------------------------+
; Analysis & Synthesis      ; 00:00:05     ; 1.0                     ; 4655 MB             ; 00:00:05                           ;
; Fitter                    ; 00:01:00     ; 1.0                     ; 5692 MB             ; 00:00:59                           ;
; Assembler                 ; 00:00:04     ; 1.0                     ; 4728 MB             ; 00:00:04                           ;
; TimeQuest Timing Analyzer ; 00:00:14     ; 1.0                     ; 5204 MB             ; 00:00:14                           ;
; EDA Netlist Writer        ; 00:00:02     ; 1.0                     ; 4659 MB             ; 00:00:01                           ;
; Total                     ; 00:01:25     ; --                      ; --                  ; 00:01:23                           ;
+---------------------------+--------------+-------------------------+---------------------+------------------------------------+


+----------------------------------------------------------------------------------------+
; Flow OS Summary                                                                        ;
+---------------------------+------------------+-----------+------------+----------------+
; Module Name               ; Machine Hostname ; OS Name   ; OS Version ; Processor type ;
+---------------------------+------------------+-----------+------------+----------------+
; Analysis & Synthesis      ; box              ; Windows 7 ; 6.2        ; x86_64         ;
; Fitter                    ; box              ; Windows 7 ; 6.2        ; x86_64         ;
; Assembler                 ; box              ; Windows 7 ; 6.2        ; x86_64         ;
; TimeQuest Timing Analyzer ; box              ; Windows 7 ; 6.2        ; x86_64         ;
; EDA Netlist Writer        ; box              ; Windows 7 ; 6.2        ; x86_64         ;
+---------------------------+------------------+-----------+------------+----------------+


------------
; Flow Log ;
------------
quartus_map --read_settings_files=on --write_settings_files=off elec374-lab -c elec374-lab
quartus_fit --read_settings_files=off --write_settings_files=off elec374-lab -c elec374-lab
quartus_asm --read_settings_files=off --write_settings_files=off elec374-lab -c elec374-lab
quartus_sta elec374-lab -c elec374-lab
quartus_eda --read_settings_files=off --write_settings_files=off elec374-lab -c elec374-lab



